../Core/Src/main.c:100:5:_write	40	static
../Core/Src/main.c:110:6:HAL_I2C_MemRxCpltCallback	24	static
../Core/Src/main.c:126:5:main	8	static
../Core/Src/main.c:215:6:SystemClock_Config	128	static
../Core/Src/main.c:270:13:MX_I2C1_Init	8	static
../Core/Src/main.c:318:13:MX_RTC_Init	72	static
../Core/Src/main.c:401:13:MX_SPI1_Init	8	static
../Core/Src/main.c:439:13:MX_USART2_UART_Init	8	static
../Core/Src/main.c:472:13:MX_DMA_Init	16	static
../Core/Src/main.c:490:13:MX_GPIO_Init	56	static
../Core/Src/main.c:565:6:Calculate	56	static
../Core/Src/main.c:641:6:HAL_TIM_PeriodElapsedCallback	16	static
../Core/Src/main.c:659:6:Error_Handler	8	static,ignoring_inline_asm
