../Core/Src/stm32l0xx_hal_msp.c:64:6:HAL_MspInit	8	static
../Core/Src/stm32l0xx_hal_msp.c:87:6:HAL_I2C_MspInit	48	static
../Core/Src/stm32l0xx_hal_msp.c:153:6:HAL_I2C_MspDeInit	16	static
../Core/Src/stm32l0xx_hal_msp.c:189:6:HAL_RTC_MspInit	16	static
../Core/Src/stm32l0xx_hal_msp.c:215:6:HAL_RTC_MspDeInit	16	static
../Core/Src/stm32l0xx_hal_msp.c:240:6:HAL_SPI_MspInit	56	static
../Core/Src/stm32l0xx_hal_msp.c:286:6:HAL_SPI_MspDeInit	16	static
../Core/Src/stm32l0xx_hal_msp.c:318:6:HAL_UART_MspInit	48	static
../Core/Src/stm32l0xx_hal_msp.c:358:6:HAL_UART_MspDeInit	16	static
