../Core/Src/stm32l0xx_hal_msp.c:64:6:HAL_MspInit	8	static
../Core/Src/stm32l0xx_hal_msp.c:87:6:HAL_I2C_MspInit	48	static
../Core/Src/stm32l0xx_hal_msp.c:150:6:HAL_I2C_MspDeInit	16	static
../Core/Src/stm32l0xx_hal_msp.c:183:6:HAL_RTC_MspInit	16	static
../Core/Src/stm32l0xx_hal_msp.c:209:6:HAL_RTC_MspDeInit	16	static
../Core/Src/stm32l0xx_hal_msp.c:234:6:HAL_SPI_MspInit	56	static
../Core/Src/stm32l0xx_hal_msp.c:280:6:HAL_SPI_MspDeInit	16	static
../Core/Src/stm32l0xx_hal_msp.c:312:6:HAL_UART_MspInit	48	static
../Core/Src/stm32l0xx_hal_msp.c:352:6:HAL_UART_MspDeInit	16	static
