17:35:03 **** Incremental Build of configuration Debug for project black_box_2.0 ****
make -j18 all 
arm-none-eabi-gcc "../Core/Src/main.c" -mcpu=cortex-m0plus -std=gnu11 -g3 -DDEBUG -DUSE_HAL_DRIVER -DSTM32L072xx -c -I../Core/Inc -I../Drivers/STM32L0xx_HAL_Driver/Inc -I../Drivers/STM32L0xx_HAL_Driver/Inc/Legacy -I../Middlewares/Third_Party/FreeRTOS/Source/include -I../Middlewares/Third_Party/FreeRTOS/Source/CMSIS_RTOS_V2 -I../Middlewares/Third_Party/FreeRTOS/Source/portable/GCC/ARM_CM0 -I../Drivers/CMSIS/Device/ST/STM32L0xx/Include -I../Drivers/CMSIS/Include -O0 -ffunction-sections -fdata-sections -Wall -fstack-usage -fcyclomatic-complexity -MMD -MP -MF"Core/Src/main.d" -MT"Core/Src/main.o" --specs=nano.specs -mfloat-abi=soft -mthumb -o "Core/Src/main.o"
arm-none-eabi-gcc -o "black_box_2.0.elf" @"objects.list"   -mcpu=cortex-m0plus -T"C:\Users\Syed Fardin\Desktop\Coding\black-box-stm32\black_box_2.0\STM32L072CZYX_FLASH.ld" --specs=nosys.specs -Wl,-Map="black_box_2.0.map" -Wl,--gc-sections -static -u _printf_float --specs=nano.specs -mfloat-abi=soft -mthumb -Wl,--start-group -lc -lm -Wl,--end-group
Finished building target: black_box_2.0.elf
 
arm-none-eabi-size  black_box_2.0.elf 
arm-none-eabi-objdump -h -S black_box_2.0.elf  > "black_box_2.0.list"
   text	   data	    bss	    dec	    hex	filename
  67232	    484	  10204	  77920	  13060	black_box_2.0.elf
Finished building: default.size.stdout
 
Finished building: black_box_2.0.list
 

17:35:04 Build Finished. 0 errors, 0 warnings. (took 975ms)

