../Core/Src/main.c:110:5:_write	40	static
../Core/Src/main.c:119:6:HAL_I2C_MemRxCpltCallback	16	static
../Core/Src/main.c:126:9:MPU6050_WakeUp	40	static
../Core/Src/main.c:139:5:main	24	static
../Core/Src/main.c:240:6:SystemClock_Config	128	static
../Core/Src/main.c:295:13:MX_I2C1_Init	8	static
../Core/Src/main.c:343:13:MX_RTC_Init	72	static
../Core/Src/main.c:426:13:MX_SPI1_Init	8	static
../Core/Src/main.c:464:13:MX_USART2_UART_Init	8	static
../Core/Src/main.c:497:13:MX_DMA_Init	16	static
../Core/Src/main.c:515:13:MX_GPIO_Init	56	static
../Core/Src/main.c:583:6:readi2c	24	static
../Core/Src/main.c:608:6:calculate	48	static
../Core/Src/main.c:641:6:HAL_TIM_PeriodElapsedCallback	16	static
../Core/Src/main.c:659:6:Error_Handler	8	static,ignoring_inline_asm
