../Core/Src/stm32l0xx_it.c:74:6:NMI_Handler	8	static
../Core/Src/stm32l0xx_it.c:89:6:HardFault_Handler	8	static
../Core/Src/stm32l0xx_it.c:111:6:RTC_IRQHandler	8	static
../Core/Src/stm32l0xx_it.c:125:6:EXTI0_1_IRQHandler	8	static
../Core/Src/stm32l0xx_it.c:140:6:EXTI4_15_IRQHandler	8	static
../Core/Src/stm32l0xx_it.c:155:6:DMA1_Channel2_3_IRQHandler	8	static
../Core/Src/stm32l0xx_it.c:169:6:TIM6_DAC_IRQHandler	8	static
../Core/Src/stm32l0xx_it.c:183:6:I2C1_IRQHandler	8	static
../Core/Src/stm32l0xx_it.c:204:6:USART2_IRQHandler	8	static
